Release 14.7 - xst P.20131013 (nt64)
Copyright (c) 1995-2013 Xilinx, Inc.  All rights reserved.
--> Parameter TMPDIR set to xst/projnav.tmp


Total REAL time to Xst completion: 1.00 secs
Total CPU time to Xst completion: 0.15 secs
 
--> Parameter xsthdpdir set to xst


Total REAL time to Xst completion: 1.00 secs
Total CPU time to Xst completion: 0.15 secs
 
--> Reading design: core.prj

TABLE OF CONTENTS
  1) Synthesis Options Summary
  2) HDL Parsing
  3) HDL Elaboration
  4) HDL Synthesis
       4.1) HDL Synthesis Report
  5) Advanced HDL Synthesis
       5.1) Advanced HDL Synthesis Report
  6) Low Level Synthesis
  7) Partition Report
  8) Design Summary
       8.1) Primitive and Black Box Usage
       8.2) Device utilization summary
       8.3) Partition Resource Summary
       8.4) Timing Report
            8.4.1) Clock Information
            8.4.2) Asynchronous Control Signals Information
            8.4.3) Timing Summary
            8.4.4) Timing Details
            8.4.5) Cross Clock Domains Report


=========================================================================
*                      Synthesis Options Summary                        *
=========================================================================
---- Source Parameters
Input File Name                    : "core.prj"
Ignore Synthesis Constraint File   : NO

---- Target Parameters
Output File Name                   : "core"
Output Format                      : NGC
Target Device                      : xc7a100t-3-csg324

---- Source Options
Top Module Name                    : core
Automatic FSM Extraction           : YES
FSM Encoding Algorithm             : Auto
Safe Implementation                : No
FSM Style                          : LUT
RAM Extraction                     : Yes
RAM Style                          : Auto
ROM Extraction                     : Yes
Shift Register Extraction          : YES
ROM Style                          : Auto
Resource Sharing                   : YES
Asynchronous To Synchronous        : NO
Shift Register Minimum Size        : 2
Use DSP Block                      : Auto
Automatic Register Balancing       : No

---- Target Options
LUT Combining                      : Auto
Reduce Control Sets                : Auto
Add IO Buffers                     : YES
Global Maximum Fanout              : 100000
Add Generic Clock Buffer(BUFG)     : 32
Register Duplication               : YES
Optimize Instantiated Primitives   : NO
Use Clock Enable                   : Auto
Use Synchronous Set                : Auto
Use Synchronous Reset              : Auto
Pack IO Registers into IOBs        : Auto
Equivalent register Removal        : YES

---- General Options
Optimization Goal                  : Speed
Optimization Effort                : 1
Power Reduction                    : NO
Keep Hierarchy                     : No
Netlist Hierarchy                  : As_Optimized
RTL Output                         : Yes
Global Optimization                : AllClockNets
Read Cores                         : YES
Write Timing Constraints           : NO
Cross Clock Analysis               : NO
Hierarchy Separator                : /
Bus Delimiter                      : <>
Case Specifier                     : Maintain
Slice Utilization Ratio            : 100
BRAM Utilization Ratio             : 100
DSP48 Utilization Ratio            : 100
Auto BRAM Packing                  : NO
Slice Utilization Ratio Delta      : 5

---- Other Options
Cores Search Directories           : {"ipcore_dir"  }

=========================================================================


=========================================================================
*                          HDL Parsing                                  *
=========================================================================
Analyzing Verilog file "C:\Users\Sandeep Kooner\Desktop\460 Labs\Full_UART_w_Memory\FULL_UART_w_MEM\ipcore_dir\stack_ram.v" into library work
Parsing module <stack_ram>.
Analyzing Verilog file "C:\Users\Sandeep Kooner\Desktop\460 Labs\Full_UART_w_Memory\FULL_UART_w_MEM\ipcore_dir\scratch_ram.v" into library work
Parsing module <scratch_ram>.
Analyzing Verilog file "C:\Users\Sandeep Kooner\Desktop\460 Labs\Full_UART_w_Memory\FULL_UART_w_MEM\transmit.v" into library work
Parsing module <transmit>.
Analyzing Verilog file "C:\Users\Sandeep Kooner\Desktop\460 Labs\Full_UART_w_Memory\FULL_UART_w_MEM\tramelblaze.v" into library work
Parsing module <tramelblaze>.
Analyzing Verilog file "C:\Users\Sandeep Kooner\Desktop\460 Labs\Full_UART_w_Memory\FULL_UART_w_MEM\receive.v" into library work
Parsing module <receive>.
Analyzing Verilog file "C:\Users\Sandeep Kooner\Desktop\460 Labs\Full_UART_w_Memory\FULL_UART_w_MEM\PositiveEdgeDetector.v" into library work
Parsing module <PositiveEdgeDetect>.
Analyzing Verilog file "C:\Users\Sandeep Kooner\Desktop\460 Labs\Full_UART_w_Memory\FULL_UART_w_MEM\baudRates.v" into library work
Parsing module <baudRates>.
Analyzing Verilog file "C:\Users\Sandeep Kooner\Desktop\460 Labs\Full_UART_w_Memory\FULL_UART_w_MEM\UART.v" into library work
Parsing module <UART>.
Analyzing Verilog file "C:\Users\Sandeep Kooner\Desktop\460 Labs\Full_UART_w_Memory\FULL_UART_w_MEM\tramelblaze_top_sim.v" into library work
Parsing module <tramelblaze_top>.
Analyzing Verilog file "C:\Users\Sandeep Kooner\Desktop\460 Labs\Full_UART_w_Memory\FULL_UART_w_MEM\AISO.v" into library work
Parsing module <AISO>.
Analyzing Verilog file "C:\Users\Sandeep Kooner\Desktop\460 Labs\Full_UART_w_Memory\FULL_UART_w_MEM\addressDecoder.v" into library work
Parsing module <addressDecoder>.
Analyzing Verilog file "C:\Users\Sandeep Kooner\Desktop\460 Labs\Full_UART_w_Memory\FULL_UART_w_MEM\core.v" into library work
Parsing module <core>.

=========================================================================
*                            HDL Elaboration                            *
=========================================================================

Elaborating module <core>.

Elaborating module <addressDecoder>.

Elaborating module <tramelblaze_top>.
Reading initialization file \"../assemblerFullUARTwMEM/sim.sim\".

Elaborating module <tramelblaze>.

Elaborating module <stack_ram>.
WARNING:HDLCompiler:1499 - "C:\Users\Sandeep Kooner\Desktop\460 Labs\Full_UART_w_Memory\FULL_UART_w_MEM\ipcore_dir\stack_ram.v" Line 39: Empty module <stack_ram> remains a black box.

Elaborating module <scratch_ram>.
WARNING:HDLCompiler:1499 - "C:\Users\Sandeep Kooner\Desktop\460 Labs\Full_UART_w_Memory\FULL_UART_w_MEM\ipcore_dir\scratch_ram.v" Line 39: Empty module <scratch_ram> remains a black box.

Elaborating module <UART>.

Elaborating module <transmit>.

Elaborating module <receive>.

Elaborating module <baudRates>.

Elaborating module <PositiveEdgeDetect>.

Elaborating module <AISO>.

=========================================================================
*                           HDL Synthesis                               *
=========================================================================

Synthesizing Unit <core>.
    Related source file is "C:\Users\Sandeep Kooner\Desktop\460 Labs\Full_UART_w_Memory\FULL_UART_w_MEM\core.v".
    Found 16-bit register for signal <LED>.
    Summary:
	inferred  16 D-type flip-flop(s).
Unit <core> synthesized.

Synthesizing Unit <addressDecoder>.
    Related source file is "C:\Users\Sandeep Kooner\Desktop\460 Labs\Full_UART_w_Memory\FULL_UART_w_MEM\addressDecoder.v".
    Summary:
	inferred   3 Multiplexer(s).
Unit <addressDecoder> synthesized.

Synthesizing Unit <tramelblaze_top>.
    Related source file is "C:\Users\Sandeep Kooner\Desktop\460 Labs\Full_UART_w_Memory\FULL_UART_w_MEM\tramelblaze_top_sim.v".
WARNING:Xst:2999 - Signal 'memory', unconnected in block 'tramelblaze_top', is tied to its initial value.
    Found 4096x16-bit single-port Read Only RAM <Mram_memory> for signal <memory>.
    Found 16-bit register for signal <INSTRUCTION>.
    Summary:
	inferred   1 RAM(s).
	inferred  16 D-type flip-flop(s).
Unit <tramelblaze_top> synthesized.

Synthesizing Unit <tramelblaze>.
    Related source file is "C:\Users\Sandeep Kooner\Desktop\460 Labs\Full_UART_w_Memory\FULL_UART_w_MEM\tramelblaze.v".
        INTERRUPT_ADDRESS = 16'b0000111111111110
        FETCH = 5'b00000
        DECODE = 5'b00001
        SECOND = 5'b00010
        THIRD = 5'b00011
        EXECUTE = 5'b00100
        ENDIT = 5'b00101
        ENDCALL = 5'b00110
        ENDRET = 5'b00111
        ENDRET2 = 5'b01000
        ENDRET3 = 5'b01001
        OUTPUT_XK_2 = 5'b01010
        OUTPUT_XY_2 = 5'b01011
        INPUT_XP_2 = 5'b01100
        INPUT_XY_2 = 5'b01101
        FETCH_XK_2 = 5'b01110
        FETCH_XY_2 = 5'b01111
        STORE_XK_2 = 5'b10000
        STORE_XY_2 = 5'b10001
        NOTHING = 5'b00000
        ADD = 5'b00001
        ADDC = 5'b00010
        AND = 5'b00011
        SUB = 5'b00100
        OR = 5'b00101
        RLX = 5'b00110
        RRX = 5'b00111
        SL0X = 5'b01000
        SL1X = 5'b01001
        SLAX = 5'b01010
        SLXX = 5'b01011
        SR0X = 5'b01100
        SR1X = 5'b01101
        SRAX = 5'b01110
        SRXX = 5'b01111
        XOR = 5'b10000
        SUBC = 5'b10001
        NOP = 7'b0000000
        ADD_XK = 7'b0000010
        ADD_XY = 7'b0000100
        ADDCY_XK = 7'b0000110
        ADDCY_XY = 7'b0001000
        AND_XK = 7'b0001010
        AND_XY = 7'b0001100
        CALL_AAA = 7'b0001110
        CALLC_AAA = 7'b0010000
        CALLNC_AAA = 7'b0010010
        CALLZ_AAA = 7'b0010100
        CALLNZ_AAA = 7'b0010110
        COMP_XK = 7'b0011000
        COMP_XY = 7'b0011010
        DISINT = 7'b0011100
        ENINT = 7'b0011110
        INPUT_XY = 7'b0100000
        INPUT_XP = 7'b0100010
        JUMP_AAA = 7'b0100100
        JUMPC_AAA = 7'b0100110
        JUMPNC_AAA = 7'b0101000
        JUMPZ_AAA = 7'b0101010
        JUMPNZ_AAA = 7'b0101100
        LOAD_XK = 7'b0101110
        LOAD_XY = 7'b0110000
        OR_XK = 7'b0110010
        OR_XY = 7'b0110100
        OUTPUT_XY = 7'b0110110
        OUTPUT_XK = 7'b0111000
        RETURN = 7'b0111010
        RETURN_C = 7'b0111100
        RETURN_NC = 7'b0111110
        RETURN_Z = 7'b1000000
        RETURN_NZ = 7'b1000010
        RETURN_DIS = 7'b1000100
        RETURN_EN = 7'b1000110
        RL_X = 7'b1001000
        RR_X = 7'b1001010
        SL0_X = 7'b1001100
        SL1_X = 7'b1001110
        SLA_X = 7'b1010000
        SLX_X = 7'b1010010
        SR0_X = 7'b1010100
        SR1_X = 7'b1010110
        SRA_X = 7'b1011000
        SRX_X = 7'b1011010
        SUB_XK = 7'b1011100
        SUB_XY = 7'b1011110
        SUBC_XK = 7'b1100000
        SUBC_XY = 7'b1100010
        TEST_XK = 7'b1100100
        TEST_XY = 7'b1100110
        XOR_XK = 7'b1101000
        XOR_XY = 7'b1101010
        FETCH_XK = 7'b1110000
        FETCH_XY = 7'b1110010
        STORE_XK = 7'b1110100
        STORE_XY = 7'b1110110
    Register <interruptackQ> equivalent to <ldflagPQ> has been removed
    Found 1-bit register for signal <ldpcQ>.
    Found 1-bit register for signal <ldirQ>.
    Found 1-bit register for signal <int_enable>.
    Found 1-bit register for signal <int_proc>.
    Found 1-bit register for signal <carryPQ>.
    Found 1-bit register for signal <zeroPQ>.
    Found 1-bit register for signal <carryQ>.
    Found 1-bit register for signal <zeroQ>.
    Found 1-bit register for signal <ldflagQ>.
    Found 1-bit register for signal <ldflagPQ>.
    Found 1-bit register for signal <loadKQ>.
    Found 1-bit register for signal <wtrfQ>.
    Found 1-bit register for signal <wtsrQ>.
    Found 1-bit register for signal <sel_alubQ>.
    Found 1-bit register for signal <pushQ>.
    Found 1-bit register for signal <popQ>.
    Found 1-bit register for signal <enintQ>.
    Found 1-bit register for signal <disintQ>.
    Found 1-bit register for signal <sel_portidQ>.
    Found 1-bit register for signal <enableportidQ>.
    Found 1-bit register for signal <enableinportQ>.
    Found 1-bit register for signal <enableoutportQ>.
    Found 1-bit register for signal <readstrobeQ>.
    Found 1-bit register for signal <writestrobeQ>.
    Found 7-bit register for signal <stackPointQ>.
    Found 16-bit register for signal <inst_reg>.
    Found 16-bit register for signal <const_reg>.
    Found 16-bit register for signal <pc>.
    Found 256-bit register for signal <n0250[255:0]>.
    Found 17-bit register for signal <alu_out_reg>.
    Found 4-bit register for signal <stateQ>.
    Found 2-bit register for signal <sel_pcQ>.
    Found 3-bit register for signal <sel_rfwQ>.
    Found 3-bit register for signal <flag_selQ>.
    Found 5-bit register for signal <alu_opQ>.
    Found finite state machine <FSM_0> for signal <stateQ>.
    -----------------------------------------------------------------------
    | States             | 16                                             |
    | Transitions        | 59                                             |
    | Inputs             | 11                                             |
    | Outputs            | 13                                             |
    | Clock              | CLK (rising_edge)                              |
    | Reset              | RESET (positive)                               |
    | Reset type         | asynchronous                                   |
    | Reset State        | 0000                                           |
    | Encoding           | auto                                           |
    | Implementation     | LUT                                            |
    -----------------------------------------------------------------------
    Found 16-bit subtractor for signal <pc_min1> created at line 209.
    Found 7-bit subtractor for signal <stackPointQ[6]_GND_4_o_sub_10_OUT> created at line 213.
    Found 17-bit subtractor for signal <GND_4_o_GND_4_o_sub_66_OUT> created at line 345.
    Found 17-bit subtractor for signal <GND_4_o_GND_4_o_sub_67_OUT> created at line 345.
    Found 16-bit adder for signal <pc[15]_GND_4_o_add_3_OUT> created at line 193.
    Found 7-bit adder for signal <stackAdrs[6]_GND_4_o_add_11_OUT> created at line 214.
    Found 17-bit adder for signal <n0394> created at line 343.
    Found 17-bit adder for signal <BUS_0004_GND_4_o_add_63_OUT> created at line 343.
    Found 64x8-bit Read Only RAM for signal <_n2452>
    Found 16-bit 4-to-1 multiplexer for signal <address_mux> created at line 192.
    Found 16-bit 16-to-1 multiplexer for signal <regA> created at line 263.
    Found 16-bit 16-to-1 multiplexer for signal <regB> created at line 264.
    Found 16-bit 7-to-1 multiplexer for signal <rf_wdata> created at line 267.
    Found 17-bit 21-to-1 multiplexer for signal <alu_out> created at line 340.
    Found 1-bit 8-to-1 multiplexer for signal <_n1753> created at line 507.
    Summary:
	inferred   1 RAM(s).
	inferred   8 Adder/Subtractor(s).
	inferred 365 D-type flip-flop(s).
	inferred  80 Multiplexer(s).
	inferred   1 Finite State Machine(s).
Unit <tramelblaze> synthesized.

Synthesizing Unit <UART>.
    Related source file is "C:\Users\Sandeep Kooner\Desktop\460 Labs\Full_UART_w_Memory\FULL_UART_w_MEM\UART.v".
    Found 1-bit register for signal <INTERRUPT>.
    Found 8-bit register for signal <UART_CONFIG>.
    Summary:
	inferred   9 D-type flip-flop(s).
	inferred   3 Multiplexer(s).
Unit <UART> synthesized.

Synthesizing Unit <transmit>.
    Related source file is "C:\Users\Sandeep Kooner\Desktop\460 Labs\Full_UART_w_Memory\FULL_UART_w_MEM\transmit.v".
    Found 1-bit register for signal <TX_RDY>.
    Found 11-bit register for signal <SHIFT_REG>.
    Found 8-bit register for signal <LOAD_DATA>.
    Found 19-bit register for signal <BIT_TIME_COUNTER1>.
    Found 4-bit register for signal <BIT_COUNTER1>.
    Found 1-bit register for signal <DO_IT>.
    Found 1-bit register for signal <WRITE_D1>.
    Found 1-bit register for signal <DONE_D1>.
    Found 19-bit adder for signal <BIT_TIME_COUNTER1[18]_GND_9_o_add_2_OUT> created at line 84.
    Found 4-bit adder for signal <BIT_COUNTER1[3]_GND_9_o_add_5_OUT> created at line 101.
    Found 2-bit 6-to-1 multiplexer for signal <DEC> created at line 148.
    Found 19-bit comparator not equal for signal <BTNU> created at line 121
    Summary:
	inferred   2 Adder/Subtractor(s).
	inferred  46 D-type flip-flop(s).
	inferred   1 Comparator(s).
	inferred   4 Multiplexer(s).
Unit <transmit> synthesized.

Synthesizing Unit <receive>.
    Related source file is "C:\Users\Sandeep Kooner\Desktop\460 Labs\Full_UART_w_Memory\FULL_UART_w_MEM\receive.v".
    Found 19-bit register for signal <BIT_TIME_COUNTER1>.
    Found 4-bit register for signal <BIT_COUNTER1>.
    Found 10-bit register for signal <SHIFT_REG>.
    Found 2-bit register for signal <present_state>.
    Found 1-bit register for signal <START>.
    Found 1-bit register for signal <DO_IT>.
    Found 1-bit register for signal <RX_RDY>.
    Found 1-bit register for signal <PERR>.
    Found 1-bit register for signal <FERR>.
    Found 1-bit register for signal <OVF>.
    Found 19-bit adder for signal <BIT_TIME_COUNTER1[18]_GND_11_o_add_8_OUT> created at line 92.
    Found 4-bit adder for signal <BIT_COUNTER1[3]_GND_11_o_add_11_OUT> created at line 110.
    Found 10-bit 4-to-1 multiplexer for signal <REMAP> created at line 153.
    Found 1-bit 4-to-1 multiplexer for signal <STOP_BIT_SEL> created at line 168.
    Found 19-bit comparator equal for signal <BTU> created at line 124
    Found 4-bit comparator equal for signal <DONE> created at line 137
    Summary:
	inferred   2 Adder/Subtractor(s).
	inferred  41 D-type flip-flop(s).
	inferred   2 Comparator(s).
	inferred  15 Multiplexer(s).
Unit <receive> synthesized.

Synthesizing Unit <baudRates>.
    Related source file is "C:\Users\Sandeep Kooner\Desktop\460 Labs\Full_UART_w_Memory\FULL_UART_w_MEM\baudRates.v".
    Found 16x19-bit Read Only RAM for signal <COUNT>
    Summary:
	inferred   1 RAM(s).
Unit <baudRates> synthesized.

Synthesizing Unit <PositiveEdgeDetect>.
    Related source file is "C:\Users\Sandeep Kooner\Desktop\460 Labs\Full_UART_w_Memory\FULL_UART_w_MEM\PositiveEdgeDetector.v".
    Found 1-bit register for signal <Q1>.
    Found 1-bit register for signal <Q2>.
    Summary:
	inferred   2 D-type flip-flop(s).
Unit <PositiveEdgeDetect> synthesized.

Synthesizing Unit <AISO>.
    Related source file is "C:\Users\Sandeep Kooner\Desktop\460 Labs\Full_UART_w_Memory\FULL_UART_w_MEM\AISO.v".
    Found 1-bit register for signal <Q_meta>.
    Found 1-bit register for signal <Q_ok>.
    Summary:
	inferred   2 D-type flip-flop(s).
Unit <AISO> synthesized.

=========================================================================
HDL Synthesis Report

Macro Statistics
# RAMs                                                 : 3
 16x19-bit single-port Read Only RAM                   : 1
 4096x16-bit single-port Read Only RAM                 : 1
 64x8-bit single-port Read Only RAM                    : 1
# Adders/Subtractors                                   : 12
 16-bit adder                                          : 1
 16-bit subtractor                                     : 1
 17-bit adder                                          : 2
 17-bit subtractor                                     : 2
 19-bit adder                                          : 2
 4-bit adder                                           : 2
 7-bit adder                                           : 1
 7-bit subtractor                                      : 1
# Registers                                            : 62
 1-bit register                                        : 41
 10-bit register                                       : 1
 11-bit register                                       : 1
 16-bit register                                       : 5
 17-bit register                                       : 1
 19-bit register                                       : 2
 2-bit register                                        : 2
 256-bit register                                      : 1
 3-bit register                                        : 2
 4-bit register                                        : 2
 5-bit register                                        : 1
 7-bit register                                        : 1
 8-bit register                                        : 2
# Comparators                                          : 3
 19-bit comparator equal                               : 1
 19-bit comparator not equal                           : 1
 4-bit comparator equal                                : 1
# Multiplexers                                         : 105
 1-bit 2-to-1 multiplexer                              : 40
 1-bit 4-to-1 multiplexer                              : 1
 1-bit 8-to-1 multiplexer                              : 1
 10-bit 4-to-1 multiplexer                             : 1
 11-bit 2-to-1 multiplexer                             : 1
 16-bit 16-to-1 multiplexer                            : 2
 16-bit 2-to-1 multiplexer                             : 19
 16-bit 4-to-1 multiplexer                             : 1
 16-bit 7-to-1 multiplexer                             : 1
 17-bit 21-to-1 multiplexer                            : 1
 19-bit 2-to-1 multiplexer                             : 3
 2-bit 2-to-1 multiplexer                              : 14
 2-bit 6-to-1 multiplexer                              : 1
 3-bit 2-to-1 multiplexer                              : 6
 4-bit 2-to-1 multiplexer                              : 3
 5-bit 2-to-1 multiplexer                              : 2
 7-bit 2-to-1 multiplexer                              : 2
 8-bit 2-to-1 multiplexer                              : 6
# FSMs                                                 : 1
# Xors                                                 : 8
 1-bit xor16                                           : 1
 1-bit xor2                                            : 1
 1-bit xor7                                            : 2
 1-bit xor8                                            : 3
 17-bit xor2                                           : 1

=========================================================================
INFO:Xst:1767 - HDL ADVISOR - Resource sharing has identified that some arithmetic operations in this design can share the same physical resources for reduced device utilization. For improved clock frequency you may try to disable resource sharing.

=========================================================================
*                       Advanced HDL Synthesis                          *
=========================================================================

Reading core <ipcore_dir/stack_ram.ngc>.
Reading core <ipcore_dir/scratch_ram.ngc>.
Loading core <stack_ram> for timing and area information for instance <stkr>.
Loading core <scratch_ram> for timing and area information for instance <sr>.
WARNING:Xst:2677 - Node <UART_CONFIG_0> of sequential type is unconnected in block <u1>.

Synthesizing (advanced) Unit <baudRates>.
INFO:Xst:3218 - HDL ADVISOR - The RAM <Mram_COUNT> will be implemented on LUTs either because you have described an asynchronous read or because of currently unsupported block RAM features. If you have described an asynchronous read, making it synchronous would allow you to take advantage of available block RAM resources, for optimized device usage and improved timings. Please refer to your documentation for coding guidelines.
    -----------------------------------------------------------------------
    | ram_type           | Distributed                         |          |
    -----------------------------------------------------------------------
    | Port A                                                              |
    |     aspect ratio   | 16-word x 19-bit                    |          |
    |     weA            | connected to signal <GND>           | high     |
    |     addrA          | connected to signal <BAUD>          |          |
    |     diA            | connected to signal <GND>           |          |
    |     doA            | connected to signal <COUNT>         |          |
    -----------------------------------------------------------------------
Unit <baudRates> synthesized (advanced).

Synthesizing (advanced) Unit <receive>.
The following registers are absorbed into counter <BIT_TIME_COUNTER1>: 1 register on signal <BIT_TIME_COUNTER1>.
The following registers are absorbed into counter <BIT_COUNTER1>: 1 register on signal <BIT_COUNTER1>.
Unit <receive> synthesized (advanced).

Synthesizing (advanced) Unit <tramelblaze>.
INFO:Xst:3218 - HDL ADVISOR - The RAM <Mram__n2452> will be implemented on LUTs either because you have described an asynchronous read or because of currently unsupported block RAM features. If you have described an asynchronous read, making it synchronous would allow you to take advantage of available block RAM resources, for optimized device usage and improved timings. Please refer to your documentation for coding guidelines.
    -----------------------------------------------------------------------
    | ram_type           | Distributed                         |          |
    -----------------------------------------------------------------------
    | Port A                                                              |
    |     aspect ratio   | 64-word x 8-bit                     |          |
    |     weA            | connected to signal <GND>           | high     |
    |     addrA          | connected to signal <(inst_reg<14:13>,inst_reg<11:12>,inst_reg<10:9>)> |          |
    |     diA            | connected to signal <GND>           |          |
    |     doA            | connected to internal node          |          |
    -----------------------------------------------------------------------
Unit <tramelblaze> synthesized (advanced).

Synthesizing (advanced) Unit <tramelblaze_top>.
INFO:Xst:3226 - The RAM <Mram_memory> will be implemented as a BLOCK RAM, absorbing the following register(s): <INSTRUCTION>
    -----------------------------------------------------------------------
    | ram_type           | Block                               |          |
    -----------------------------------------------------------------------
    | Port A                                                              |
    |     aspect ratio   | 4096-word x 16-bit                  |          |
    |     mode           | write-first                         |          |
    |     clkA           | connected to signal <CLK>           | rise     |
    |     weA            | connected to signal <GND>           | high     |
    |     addrA          | connected to signal <ADDRESS>       |          |
    |     diA            | connected to signal <GND>           |          |
    |     doA            | connected to signal <INSTRUCTION>   |          |
    -----------------------------------------------------------------------
    | optimization       | speed                               |          |
    -----------------------------------------------------------------------
Unit <tramelblaze_top> synthesized (advanced).

Synthesizing (advanced) Unit <transmit>.
The following registers are absorbed into counter <BIT_TIME_COUNTER1>: 1 register on signal <BIT_TIME_COUNTER1>.
The following registers are absorbed into counter <BIT_COUNTER1>: 1 register on signal <BIT_COUNTER1>.
Unit <transmit> synthesized (advanced).
WARNING:Xst:2677 - Node <UART_CONFIG_0> of sequential type is unconnected in block <UART>.

=========================================================================
Advanced HDL Synthesis Report

Macro Statistics
# RAMs                                                 : 3
 16x19-bit single-port distributed Read Only RAM       : 1
 4096x16-bit single-port block Read Only RAM           : 1
 64x8-bit single-port distributed Read Only RAM        : 1
# Adders/Subtractors                                   : 8
 16-bit adder                                          : 1
 16-bit subtractor                                     : 1
 17-bit adder                                          : 2
 17-bit subtractor                                     : 2
 7-bit adder                                           : 1
 7-bit subtractor                                      : 1
# Counters                                             : 4
 19-bit up counter                                     : 2
 4-bit up counter                                      : 2
# Registers                                            : 436
 Flip-Flops                                            : 436
# Comparators                                          : 3
 19-bit comparator equal                               : 1
 19-bit comparator not equal                           : 1
 4-bit comparator equal                                : 1
# Multiplexers                                         : 100
 1-bit 2-to-1 multiplexer                              : 39
 1-bit 4-to-1 multiplexer                              : 1
 1-bit 8-to-1 multiplexer                              : 1
 10-bit 4-to-1 multiplexer                             : 1
 11-bit 2-to-1 multiplexer                             : 1
 16-bit 16-to-1 multiplexer                            : 2
 16-bit 2-to-1 multiplexer                             : 19
 16-bit 4-to-1 multiplexer                             : 1
 16-bit 7-to-1 multiplexer                             : 1
 17-bit 21-to-1 multiplexer                            : 1
 19-bit 2-to-1 multiplexer                             : 1
 2-bit 2-to-1 multiplexer                              : 14
 2-bit 6-to-1 multiplexer                              : 1
 3-bit 2-to-1 multiplexer                              : 6
 4-bit 2-to-1 multiplexer                              : 1
 5-bit 2-to-1 multiplexer                              : 2
 7-bit 2-to-1 multiplexer                              : 2
 8-bit 2-to-1 multiplexer                              : 6
# FSMs                                                 : 1
# Xors                                                 : 8
 1-bit xor16                                           : 1
 1-bit xor2                                            : 1
 1-bit xor7                                            : 2
 1-bit xor8                                            : 3
 17-bit xor2                                           : 1

=========================================================================

=========================================================================
*                         Low Level Synthesis                           *
=========================================================================
Analyzing FSM <MFsm> for best encoding.
Optimizing FSM <u2/tramelblaze/FSM_0> on signal <stateQ[1:4]> with user encoding.
-------------------
 State | Encoding
-------------------
 0000  | 0000
 0001  | 0001
 1000  | 1000
 0100  | 0100
 0010  | 0010
 0011  | 0011
 0101  | 0101
 0110  | 0110
 1101  | 1101
 1100  | 1100
 1011  | 1011
 1010  | 1010
 0111  | 0111
 1110  | 1110
 1111  | 1111
 1001  | 1001
-------------------
INFO:Xst:2261 - The FF/Latch <present_state_0> in Unit <receive> is equivalent to the following FF/Latch, which will be removed : <START> 

Optimizing unit <core> ...

Optimizing unit <UART> ...

Optimizing unit <transmit> ...

Optimizing unit <receive> ...

Optimizing unit <tramelblaze> ...

Mapping all equations...
Building and optimizing final netlist ...
Found area constraint ratio of 100 (+ 5) on block core, actual ratio is 2.

Final Macro Processing ...

=========================================================================
Final Register Report

Macro Statistics
# Registers                                            : 485
 Flip-Flops                                            : 485

=========================================================================

=========================================================================
*                           Partition Report                            *
=========================================================================

Partition Implementation Status
-------------------------------

  No Partitions were found in this design.

-------------------------------

=========================================================================
*                            Design Summary                             *
=========================================================================

Top Level Output File Name         : core.ngc

Primitive and Black Box Usage:
------------------------------
# BELS                             : 1498
#      GND                         : 3
#      INV                         : 35
#      LUT1                        : 32
#      LUT2                        : 60
#      LUT3                        : 127
#      LUT4                        : 88
#      LUT5                        : 133
#      LUT6                        : 630
#      MUXCY                       : 146
#      MUXF7                       : 72
#      MUXF8                       : 32
#      VCC                         : 3
#      XORCY                       : 137
# FlipFlops/Latches                : 485
#      FDC                         : 96
#      FDCE                        : 374
#      FDP                         : 2
#      FDPE                        : 13
# RAMS                             : 4
#      RAMB18E1                    : 2
#      RAMB36E1                    : 2
# Clock Buffers                    : 1
#      BUFGP                       : 1
# IO Buffers                       : 27
#      IBUF                        : 10
#      OBUF                        : 17

Device utilization summary:
---------------------------

Selected Device : 7a100tcsg324-3 


Slice Logic Utilization: 
 Number of Slice Registers:             485  out of  126800     0%  
 Number of Slice LUTs:                 1105  out of  63400     1%  
    Number used as Logic:              1105  out of  63400     1%  

Slice Logic Distribution: 
 Number of LUT Flip Flop pairs used:   1165
   Number with an unused Flip Flop:     680  out of   1165    58%  
   Number with an unused LUT:            60  out of   1165     5%  
   Number of fully used LUT-FF pairs:   425  out of   1165    36%  
   Number of unique control sets:        26

IO Utilization: 
 Number of IOs:                          28
 Number of bonded IOBs:                  28  out of    210    13%  

Specific Feature Utilization:
 Number of Block RAM/FIFO:                3  out of    135     2%  
    Number using Block RAM only:          3
 Number of BUFG/BUFGCTRLs:                1  out of     32     3%  

---------------------------
Partition Resource Summary:
---------------------------

  No Partitions were found in this design.

---------------------------


=========================================================================
Timing Report

NOTE: THESE TIMING NUMBERS ARE ONLY A SYNTHESIS ESTIMATE.
      FOR ACCURATE TIMING INFORMATION PLEASE REFER TO THE TRACE REPORT
      GENERATED AFTER PLACE-and-ROUTE.

Clock Information:
------------------
-----------------------------------+------------------------+-------+
Clock Signal                       | Clock buffer(FF name)  | Load  |
-----------------------------------+------------------------+-------+
clk                                | BUFGP                  | 489   |
-----------------------------------+------------------------+-------+

Asynchronous Control Signals Information:
----------------------------------------
No asynchronous control signals found in this design

Timing Summary:
---------------
Speed Grade: -3

   Minimum period: 6.067ns (Maximum Frequency: 164.837MHz)
   Minimum input arrival time before clock: 2.800ns
   Maximum output required time after clock: 0.640ns
   Maximum combinational path delay: No path found

Timing Details:
---------------
All values displayed in nanoseconds (ns)

=========================================================================
Timing constraint: Default period analysis for Clock 'clk'
  Clock period: 6.067ns (frequency: 164.837MHz)
  Total number of paths / destination ports: 3601828 / 1393
-------------------------------------------------------------------------
Delay:               6.067ns (Levels of Logic = 23)
  Source:            u2/tramelblaze/regfile_15_176 (FF)
  Destination:       u2/tramelblaze/zeroQ (FF)
  Source Clock:      clk rising
  Destination Clock: clk rising

  Data Path: u2/tramelblaze/regfile_15_176 to u2/tramelblaze/zeroQ
                                Gate     Net
    Cell:in->out      fanout   Delay   Delay  Logical Name (Net Name)
    ----------------------------------------  ------------
     FDCE:C->Q             3   0.361   0.703  u2/tramelblaze/regfile_15_176 (u2/tramelblaze/regfile_15_176)
     LUT6:I0->O            1   0.097   0.000  u2/tramelblaze/Mmux_regB_51 (u2/tramelblaze/Mmux_regB_51)
     MUXF7:I1->O           1   0.279   0.000  u2/tramelblaze/Mmux_regB_4_f7 (u2/tramelblaze/Mmux_regB_4_f7)
     MUXF8:I0->O           7   0.218   0.407  u2/tramelblaze/Mmux_regB_2_f8 (u2/tramelblaze/regB<0>)
     LUT4:I2->O            1   0.097   0.000  u2/tramelblaze/Msub_GND_4_o_GND_4_o_sub_66_OUT_lut<0> (u2/tramelblaze/Msub_GND_4_o_GND_4_o_sub_66_OUT_lut<0>)
     MUXCY:S->O            1   0.353   0.000  u2/tramelblaze/Msub_GND_4_o_GND_4_o_sub_66_OUT_cy<0> (u2/tramelblaze/Msub_GND_4_o_GND_4_o_sub_66_OUT_cy<0>)
     MUXCY:CI->O           1   0.023   0.000  u2/tramelblaze/Msub_GND_4_o_GND_4_o_sub_66_OUT_cy<1> (u2/tramelblaze/Msub_GND_4_o_GND_4_o_sub_66_OUT_cy<1>)
     MUXCY:CI->O           1   0.023   0.000  u2/tramelblaze/Msub_GND_4_o_GND_4_o_sub_66_OUT_cy<2> (u2/tramelblaze/Msub_GND_4_o_GND_4_o_sub_66_OUT_cy<2>)
     MUXCY:CI->O           1   0.023   0.000  u2/tramelblaze/Msub_GND_4_o_GND_4_o_sub_66_OUT_cy<3> (u2/tramelblaze/Msub_GND_4_o_GND_4_o_sub_66_OUT_cy<3>)
     MUXCY:CI->O           1   0.023   0.000  u2/tramelblaze/Msub_GND_4_o_GND_4_o_sub_66_OUT_cy<4> (u2/tramelblaze/Msub_GND_4_o_GND_4_o_sub_66_OUT_cy<4>)
     MUXCY:CI->O           1   0.023   0.000  u2/tramelblaze/Msub_GND_4_o_GND_4_o_sub_66_OUT_cy<5> (u2/tramelblaze/Msub_GND_4_o_GND_4_o_sub_66_OUT_cy<5>)
     MUXCY:CI->O           1   0.023   0.000  u2/tramelblaze/Msub_GND_4_o_GND_4_o_sub_66_OUT_cy<6> (u2/tramelblaze/Msub_GND_4_o_GND_4_o_sub_66_OUT_cy<6>)
     MUXCY:CI->O           1   0.023   0.000  u2/tramelblaze/Msub_GND_4_o_GND_4_o_sub_66_OUT_cy<7> (u2/tramelblaze/Msub_GND_4_o_GND_4_o_sub_66_OUT_cy<7>)
     MUXCY:CI->O           1   0.023   0.000  u2/tramelblaze/Msub_GND_4_o_GND_4_o_sub_66_OUT_cy<8> (u2/tramelblaze/Msub_GND_4_o_GND_4_o_sub_66_OUT_cy<8>)
     MUXCY:CI->O           1   0.023   0.000  u2/tramelblaze/Msub_GND_4_o_GND_4_o_sub_66_OUT_cy<9> (u2/tramelblaze/Msub_GND_4_o_GND_4_o_sub_66_OUT_cy<9>)
     MUXCY:CI->O           1   0.023   0.000  u2/tramelblaze/Msub_GND_4_o_GND_4_o_sub_66_OUT_cy<10> (u2/tramelblaze/Msub_GND_4_o_GND_4_o_sub_66_OUT_cy<10>)
     MUXCY:CI->O           1   0.023   0.000  u2/tramelblaze/Msub_GND_4_o_GND_4_o_sub_66_OUT_cy<11> (u2/tramelblaze/Msub_GND_4_o_GND_4_o_sub_66_OUT_cy<11>)
     XORCY:CI->O           2   0.370   0.283  u2/tramelblaze/Msub_GND_4_o_GND_4_o_sub_66_OUT_xor<12> (u2/tramelblaze/GND_4_o_GND_4_o_sub_66_OUT<12>)
     INV:I->O              1   0.113   0.000  u2/tramelblaze/Msub_GND_4_o_GND_4_o_sub_67_OUT_lut<12>_INV_0 (u2/tramelblaze/Msub_GND_4_o_GND_4_o_sub_67_OUT_lut<12>)
     MUXCY:S->O            1   0.353   0.000  u2/tramelblaze/Msub_GND_4_o_GND_4_o_sub_67_OUT_cy<12> (u2/tramelblaze/Msub_GND_4_o_GND_4_o_sub_67_OUT_cy<12>)
     XORCY:CI->O           3   0.370   0.305  u2/tramelblaze/Msub_GND_4_o_GND_4_o_sub_67_OUT_xor<13> (u2/tramelblaze/GND_4_o_GND_4_o_sub_67_OUT<13>)
     LUT6:I5->O            1   0.097   0.693  u2/tramelblaze/Mmux_alu_out1110_SW1 (N168)
     LUT6:I0->O            1   0.097   0.511  u2/tramelblaze/Mmux_zeroX110_SW0 (N155)
     LUT6:I3->O            1   0.097   0.000  u2/tramelblaze/Mmux_zeroX113 (u2/tramelblaze/zeroX)
     FDCE:D                    0.008          u2/tramelblaze/zeroQ
    ----------------------------------------
    Total                      6.067ns (3.163ns logic, 2.904ns route)
                                       (52.1% logic, 47.9% route)

=========================================================================
Timing constraint: Default OFFSET IN BEFORE for Clock 'clk'
  Total number of paths / destination ports: 198 / 134
-------------------------------------------------------------------------
Offset:              2.800ns (Levels of Logic = 7)
  Source:            SWITCH<7> (PAD)
  Destination:       u2/tramelblaze/regfile_15_247 (FF)
  Destination Clock: clk rising

  Data Path: SWITCH<7> to u2/tramelblaze/regfile_15_247
                                Gate     Net
    Cell:in->out      fanout   Delay   Delay  Logical Name (Net Name)
    ----------------------------------------  ------------
     IBUF:I->O             1   0.001   0.683  SWITCH_7_IBUF (SWITCH_7_IBUF)
     LUT5:I0->O            1   0.097   0.295  u2/tramelblaze/sel_rfwQ<2>72 (u2/tramelblaze/sel_rfwQ<2>71)
     LUT4:I3->O            3   0.097   0.305  u2/tramelblaze/sel_rfwQ<2>73 (u2/tramelblaze/sel_rfwQ<2>72)
     LUT6:I5->O            1   0.097   0.000  u2/tramelblaze/Mmux_alu_out3210_SW3_G (N201)
     MUXF7:I1->O           1   0.279   0.379  u2/tramelblaze/Mmux_alu_out3210_SW3 (N173)
     LUT6:I4->O           16   0.097   0.364  u2/tramelblaze/sel_rfwQ<2>75 (u2/tramelblaze/sel_rfwQ<2>_mmx_out15)
     LUT6:I5->O            1   0.097   0.000  u2/tramelblaze/Mmux_regfile[7][15]_rf_wdata[15]_mux_34_OUT141 (u2/tramelblaze/regfile[7][15]_rf_wdata[15]_mux_34_OUT<7>)
     FDCE:D                    0.008          u2/tramelblaze/regfile_15_135
    ----------------------------------------
    Total                      2.800ns (0.773ns logic, 2.027ns route)
                                       (27.6% logic, 72.4% route)

=========================================================================
Timing constraint: Default OFFSET OUT AFTER for Clock 'clk'
  Total number of paths / destination ports: 17 / 17
-------------------------------------------------------------------------
Offset:              0.640ns (Levels of Logic = 1)
  Source:            LED_15 (FF)
  Destination:       LED<15> (PAD)
  Source Clock:      clk rising

  Data Path: LED_15 to LED<15>
                                Gate     Net
    Cell:in->out      fanout   Delay   Delay  Logical Name (Net Name)
    ----------------------------------------  ------------
     FDCE:C->Q             1   0.361   0.279  LED_15 (LED_15)
     OBUF:I->O                 0.000          LED_15_OBUF (LED<15>)
    ----------------------------------------
    Total                      0.640ns (0.361ns logic, 0.279ns route)
                                       (56.4% logic, 43.6% route)

=========================================================================

Cross Clock Domains Report:
--------------------------

Clock to Setup on destination clock clk
---------------+---------+---------+---------+---------+
               | Src:Rise| Src:Fall| Src:Rise| Src:Fall|
Source Clock   |Dest:Rise|Dest:Rise|Dest:Fall|Dest:Fall|
---------------+---------+---------+---------+---------+
clk            |    6.067|         |         |         |
---------------+---------+---------+---------+---------+

=========================================================================


Total REAL time to Xst completion: 20.00 secs
Total CPU time to Xst completion: 20.02 secs
 
--> 

Total memory usage is 4673092 kilobytes

Number of errors   :    0 (   0 filtered)
Number of warnings :    5 (   0 filtered)
Number of infos    :    5 (   0 filtered)

